// Jest Snapshot v1, https://goo.gl/fbAQLP

exports[`Tests in <GifGridItem /> Debe de mostrar el componente correctamente 1`] = `
<figure
  className="card animate__animated animate__fadeIn"
>
  <img
    alt="Un titulo"
    className="card__image"
    src="https://algo.com"
  />
  <figcaption
    className="card__caption"
  >
    Un titulo
  </figcaption>
</figure>
`;
